[demo.dashboardmarket.com/hexadash-html/ltr/demo6.html]
[backblue.gif]
[fade.gif]
[index.html]
[demo.dashboardmarket.com/hexadash-html/ltr/css/plugin.min.css]
[demo.dashboardmarket.com/hexadash-html/ltr/style.css]
[demo.dashboardmarket.com/hexadash-html/ltr/img/favicon.png]
[unicons.iconscout.com/release/v4.0.0/css/line.css]
[demo.dashboardmarket.com/hexadash-html/ltr/img/svg/search.svg]
[demo.dashboardmarket.com/hexadash-html/ltr/index.html]
[demo.dashboardmarket.com/hexadash-html/ltr/img/logo-dark.png]
[demo.dashboardmarket.com/hexadash-html/ltr/img/logo-white.png]
[demo.dashboardmarket.com/hexadash-html/ltr/img/svg/align-center-alt.svg]
[demo.dashboardmarket.com/hexadash-html/ltr/demo2.html]
[demo.dashboardmarket.com/hexadash-html/ltr/demo3.html]
[demo.dashboardmarket.com/hexadash-html/ltr/demo4.html]
[demo.dashboardmarket.com/hexadash-html/ltr/demo5.html]
[demo.dashboardmarket.com/hexadash-html/ltr/demo7.html]
[demo.dashboardmarket.com/hexadash-html/ltr/demo8.html]
[demo.dashboardmarket.com/hexadash-html/ltr/demo9.html]
[demo.dashboardmarket.com/hexadash-html/ltr/demo10.html]
[demo.dashboardmarket.com/hexadash-html/ltr/img/svg/mail.svg]
[demo.dashboardmarket.com/hexadash-html/ltr/inbox.html]
[demo.dashboardmarket.com/hexadash-html/ltr/read-email.html]
[demo.dashboardmarket.com/hexadash-html/ltr/chat.html]
[demo.dashboardmarket.com/hexadash-html/ltr/img/svg/message-square.svg]
[demo.dashboardmarket.com/hexadash-html/ltr/img/svg/shopping-cart.svg]
[demo.dashboardmarket.com/hexadash-html/ltr/products.html]
[demo.dashboardmarket.com/hexadash-html/ltr/product-details.html]
[demo.dashboardmarket.com/hexadash-html/ltr/add-product.html]
[demo.dashboardmarket.com/hexadash-html/ltr/cart.html]
[demo.dashboardmarket.com/hexadash-html/ltr/order.html]
[demo.dashboardmarket.com/hexadash-html/ltr/sellers.html]
[demo.dashboardmarket.com/hexadash-html/ltr/invoice.html]
[demo.dashboardmarket.com/hexadash-html/ltr/projects.html]
[demo.dashboardmarket.com/hexadash-html/ltr/application-ui.html]
[demo.dashboardmarket.com/hexadash-html/ltr/create.html]
[demo.dashboardmarket.com/hexadash-html/ltr/calendar.html]
[demo.dashboardmarket.com/hexadash-html/ltr/users-card.html]
[demo.dashboardmarket.com/hexadash-html/ltr/users-membar.html]
[demo.dashboardmarket.com/hexadash-html/ltr/users-list.html]
[demo.dashboardmarket.com/hexadash-html/ltr/users-card2.html]
[demo.dashboardmarket.com/hexadash-html/ltr/users-group.html]
[demo.dashboardmarket.com/hexadash-html/ltr/user-info.html]
[demo.dashboardmarket.com/hexadash-html/ltr/users-datatable.html]
[demo.dashboardmarket.com/hexadash-html/ltr/img/svg/user-check.svg]
[demo.dashboardmarket.com/hexadash-html/ltr/contact-1.html]
[demo.dashboardmarket.com/hexadash-html/ltr/contact-2.html]
[demo.dashboardmarket.com/hexadash-html/ltr/img/svg/bookmark.svg]
[demo.dashboardmarket.com/hexadash-html/ltr/img/svg/activity.svg]
[demo.dashboardmarket.com/hexadash-html/ltr/kanban.html]
[demo.dashboardmarket.com/hexadash-html/ltr/img/svg/columns.svg]
[demo.dashboardmarket.com/hexadash-html/ltr/img/svg/repeat.svg]
[demo.dashboardmarket.com/hexadash-html/ltr/import.html]
[demo.dashboardmarket.com/hexadash-html/ltr/export.html]
[demo.dashboardmarket.com/hexadash-html/ltr/export-selected.html]
[demo.dashboardmarket.com/hexadash-html/ltr/file-manager.html]
[demo.dashboardmarket.com/hexadash-html/ltr/img/svg/file.svg]
[demo.dashboardmarket.com/hexadash-html/ltr/task-app.html]
[demo.dashboardmarket.com/hexadash-html/ltr/img/svg/clipboard.svg]
[demo.dashboardmarket.com/hexadash-html/ltr/bookmarks.html]
[demo.dashboardmarket.com/hexadash-html/ltr/img/svg/user.svg]
[demo.dashboardmarket.com/hexadash-html/ltr/profile.html]
[demo.dashboardmarket.com/hexadash-html/ltr/profile-setting.html]
[demo.dashboardmarket.com/hexadash-html/ltr/support-ticket.html]
[demo.dashboardmarket.com/hexadash-html/ltr/support-details.html]
[demo.dashboardmarket.com/hexadash-html/ltr/new-ticket.html]
[demo.dashboardmarket.com/hexadash-html/ltr/jobSearch.html]
[demo.dashboardmarket.com/hexadash-html/ltr/jobSearchList.html]
[demo.dashboardmarket.com/hexadash-html/ltr/jobDetails.html]
[demo.dashboardmarket.com/hexadash-html/ltr/job-apply.html]
[demo.dashboardmarket.com/hexadash-html/ltr/basic-table.html]
[demo.dashboardmarket.com/hexadash-html/ltr/datatable.html]
[demo.dashboardmarket.com/hexadash-html/ltr/dynamic-table.html]
[demo.dashboardmarket.com/hexadash-html/ltr/firestore.html]
[demo.dashboardmarket.com/hexadash-html/ltr/firestore-add.html]
[demo.dashboardmarket.com/hexadash-html/ltr/editors.html]
[demo.dashboardmarket.com/hexadash-html/ltr/img/svg/edit.svg]
[demo.dashboardmarket.com/hexadash-html/ltr/img/svg/grid.svg]
[demo.dashboardmarket.com/hexadash-html/ltr/unicon-icons.html]
[demo.dashboardmarket.com/hexadash-html/ltr/fontawesome.html]
[demo.dashboardmarket.com/hexadash-html/ltr/lineawesome.html]
[demo.dashboardmarket.com/hexadash-html/ltr/img/svg/bar-chart-2.svg]
[demo.dashboardmarket.com/hexadash-html/ltr/charts.html]
[demo.dashboardmarket.com/hexadash-html/ltr/google-chart.html]
[demo.dashboardmarket.com/hexadash-html/ltr/peity-chart.html]
[demo.dashboardmarket.com/hexadash-html/ltr/img/svg/disc.svg]
[demo.dashboardmarket.com/hexadash-html/ltr/form.html]
[demo.dashboardmarket.com/hexadash-html/ltr/form-layouts.html]
[demo.dashboardmarket.com/hexadash-html/ltr/form-elements.html]
[demo.dashboardmarket.com/hexadash-html/ltr/form-components.html]
[demo.dashboardmarket.com/hexadash-html/ltr/form-validations.html]
[demo.dashboardmarket.com/hexadash-html/ltr/img/svg/map.svg]
[demo.dashboardmarket.com/hexadash-html/ltr/google-map.html]
[demo.dashboardmarket.com/hexadash-html/ltr/leaflet-map.html]
[demo.dashboardmarket.com/hexadash-html/ltr/vector-map.html]
[demo.dashboardmarket.com/hexadash-html/ltr/img/svg/server.svg]
[demo.dashboardmarket.com/hexadash-html/ltr/widget-charts.html]
[demo.dashboardmarket.com/hexadash-html/ltr/widget-mixed.html]
[demo.dashboardmarket.com/hexadash-html/ltr/widget-card.html]
[demo.dashboardmarket.com/hexadash-html/ltr/img/svg/square.svg]
[demo.dashboardmarket.com/hexadash-html/ltr/checkout-wizard6.html]
[demo.dashboardmarket.com/hexadash-html/ltr/checkout-wizard7.html]
[demo.dashboardmarket.com/hexadash-html/ltr/checkout-wizard8.html]
[demo.dashboardmarket.com/hexadash-html/ltr/checkout-wizard9.html]
[demo.dashboardmarket.com/hexadash-html/ltr/checkout-wizard10.html]
[demo.dashboardmarket.com/hexadash-html/ltr/img/svg/book.svg]
[demo.dashboardmarket.com/hexadash-html/ltr/knowledgebase.html]
[demo.dashboardmarket.com/hexadash-html/ltr/knowledgebase-2.html]
[demo.dashboardmarket.com/hexadash-html/ltr/knowledgebase-3.html]
[demo.dashboardmarket.com/hexadash-html/ltr/changelog.html]
[demo.dashboardmarket.com/hexadash-html/ltr/gallery.html]
[demo.dashboardmarket.com/hexadash-html/ltr/gallery2.html]
[demo.dashboardmarket.com/hexadash-html/ltr/pricing.html]
[demo.dashboardmarket.com/hexadash-html/ltr/banner.html]
[demo.dashboardmarket.com/hexadash-html/ltr/testimonial.html]
[demo.dashboardmarket.com/hexadash-html/ltr/faq.html]
[demo.dashboardmarket.com/hexadash-html/ltr/search.html]
[demo.dashboardmarket.com/hexadash-html/ltr/blank.html]
[demo.dashboardmarket.com/hexadash-html/ltr/support.html]
[demo.dashboardmarket.com/hexadash-html/ltr/blog.html]
[demo.dashboardmarket.com/hexadash-html/ltr/blog2.html]
[demo.dashboardmarket.com/hexadash-html/ltr/blog3.html]
[demo.dashboardmarket.com/hexadash-html/ltr/blog-details.html]
[demo.dashboardmarket.com/hexadash-html/ltr/course.html]
[demo.dashboardmarket.com/hexadash-html/ltr/course-details.html]
[demo.dashboardmarket.com/hexadash-html/ltr/terms.html]
[demo.dashboardmarket.com/hexadash-html/ltr/maintenance.html]
[demo.dashboardmarket.com/hexadash-html/ltr/404.html]
[demo.dashboardmarket.com/hexadash-html/ltr/coming-soon.html]
[demo.dashboardmarket.com/hexadash-html/ltr/login.html]
[demo.dashboardmarket.com/hexadash-html/ltr/sign-up.html]
[demo.dashboardmarket.com/hexadash-html/ltr/alert.html]
[demo.dashboardmarket.com/hexadash-html/ltr/avatar.html]
[demo.dashboardmarket.com/hexadash-html/ltr/badge.html]
[demo.dashboardmarket.com/hexadash-html/ltr/breadcrumbs.html]
[demo.dashboardmarket.com/hexadash-html/ltr/buttons.html]
[demo.dashboardmarket.com/hexadash-html/ltr/cards.html]
[demo.dashboardmarket.com/hexadash-html/ltr/carousel.html]
[demo.dashboardmarket.com/hexadash-html/ltr/checkbox.html]
[demo.dashboardmarket.com/hexadash-html/ltr/collapse.html]
[demo.dashboardmarket.com/hexadash-html/ltr/comments.html]
[demo.dashboardmarket.com/hexadash-html/ltr/dashboard-base.html]
[demo.dashboardmarket.com/hexadash-html/ltr/date-picker.html]
[demo.dashboardmarket.com/hexadash-html/ltr/drawer.html]
[demo.dashboardmarket.com/hexadash-html/ltr/drag-drop.html]
[demo.dashboardmarket.com/hexadash-html/ltr/dropdown.html]
[demo.dashboardmarket.com/hexadash-html/ltr/empty.html]
[demo.dashboardmarket.com/hexadash-html/ltr/input.html]
[demo.dashboardmarket.com/hexadash-html/ltr/list.html]
[demo.dashboardmarket.com/hexadash-html/ltr/menu.html]
[demo.dashboardmarket.com/hexadash-html/ltr/message.html]
[demo.dashboardmarket.com/hexadash-html/ltr/modal.html]
[demo.dashboardmarket.com/hexadash-html/ltr/notifications.html]
[demo.dashboardmarket.com/hexadash-html/ltr/page-header.html]
[demo.dashboardmarket.com/hexadash-html/ltr/pagination.html]
[demo.dashboardmarket.com/hexadash-html/ltr/progressbar.html]
[demo.dashboardmarket.com/hexadash-html/ltr/radio.html]
[demo.dashboardmarket.com/hexadash-html/ltr/rate.html]
[demo.dashboardmarket.com/hexadash-html/ltr/result.html]
[demo.dashboardmarket.com/hexadash-html/ltr/select.html]
[demo.dashboardmarket.com/hexadash-html/ltr/skeleton.html]
[demo.dashboardmarket.com/hexadash-html/ltr/time-picker.html]
[demo.dashboardmarket.com/hexadash-html/ltr/slider.html]
[demo.dashboardmarket.com/hexadash-html/ltr/spin.html]
[demo.dashboardmarket.com/hexadash-html/ltr/statistics.html]
[demo.dashboardmarket.com/hexadash-html/ltr/steps.html]
[demo.dashboardmarket.com/hexadash-html/ltr/switch.html]
[demo.dashboardmarket.com/hexadash-html/ltr/tab.html]
[demo.dashboardmarket.com/hexadash-html/ltr/tag.html]
[demo.dashboardmarket.com/hexadash-html/ltr/timeline.html]
[demo.dashboardmarket.com/hexadash-html/ltr/timeline-2.html]
[demo.dashboardmarket.com/hexadash-html/ltr/timeline-3.html]
[demo.dashboardmarket.com/hexadash-html/ltr/uploads.html]
[demo.dashboardmarket.com/hexadash-html/ltr/img/svg/message.svg]
[demo.dashboardmarket.com/hexadash-html/ltr/img/team-1.png]
[demo.dashboardmarket.com/hexadash-html/ltr/img/svg/alarm.svg]
[demo.dashboardmarket.com/hexadash-html/ltr/img/svg/inbox.svg]
[demo.dashboardmarket.com/hexadash-html/ltr/img/svg/upload.svg]
[demo.dashboardmarket.com/hexadash-html/ltr/img/svg/log-in.svg]
[demo.dashboardmarket.com/hexadash-html/ltr/img/svg/at-sign.svg]
[demo.dashboardmarket.com/hexadash-html/ltr/img/svg/heart.svg]
[demo.dashboardmarket.com/hexadash-html/ltr/img/setting.png]
[demo.dashboardmarket.com/hexadash-html/ltr/img/mail.png]
[demo.dashboardmarket.com/hexadash-html/ltr/img/color-palette.png]
[demo.dashboardmarket.com/hexadash-html/ltr/img/home.png]
[demo.dashboardmarket.com/hexadash-html/ltr/img/video-camera.png]
[demo.dashboardmarket.com/hexadash-html/ltr/img/document.png]
[demo.dashboardmarket.com/hexadash-html/ltr/img/microphone.png]
[demo.dashboardmarket.com/hexadash-html/ltr/img/flag.png]
[demo.dashboardmarket.com/hexadash-html/ltr/img/eng.png]
[demo.dashboardmarket.com/hexadash-html/ltr/img/ger.png]
[demo.dashboardmarket.com/hexadash-html/ltr/img/spa.png]
[demo.dashboardmarket.com/hexadash-html/ltr/img/tur.png]
[demo.dashboardmarket.com/hexadash-html/ltr/img/iraq.png]
[demo.dashboardmarket.com/hexadash-html/ltr/img/author-nav.jpg]
[demo.dashboardmarket.com/hexadash-html/ltr/img/svg/x.svg]
[demo.dashboardmarket.com/hexadash-html/ltr/img/svg/more-vertical.svg]
[demo.dashboardmarket.com/hexadash-html/ltr/contact-3.html]
[demo.dashboardmarket.com/hexadash-html/ltr/note.html]
[demo.dashboardmarket.com/hexadash-html/ltr/to-do.html]
[demo.dashboardmarket.com/hexadash-html/ltr/grid.html]
[demo.dashboardmarket.com/hexadash-html/ltr/apexchart.html]
[demo.dashboardmarket.com/hexadash-html/ltr/img/svg/more-horizontal.svg]
[demo.dashboardmarket.com/hexadash-html/ltr/img/premium-clock.png]
[demo.dashboardmarket.com/hexadash-html/ltr/img/t-shirt.png]
[demo.dashboardmarket.com/hexadash-html/ltr/img/nike.png]
[demo.dashboardmarket.com/hexadash-html/ltr/img/cup-glass.png]
[demo.dashboardmarket.com/hexadash-html/ltr/img/women-bag.png]
[demo.dashboardmarket.com/hexadash-html/ltr/img/287.png]
[demo.dashboardmarket.com/hexadash-html/ltr/img/165.png]
[demo.dashboardmarket.com/hexadash-html/ltr/img/166.png]
[demo.dashboardmarket.com/hexadash-html/ltr/img/315.png]
[demo.dashboardmarket.com/hexadash-html/ltr/img/506.png]
[demo.dashboardmarket.com/hexadash-html/ltr/img/svg/x2.svg]
[demo.dashboardmarket.com/hexadash-html/ltr/img/ltr.png]
[demo.dashboardmarket.com/hexadash-html/ltr/img/rtl.png]
[demo.dashboardmarket.com/hexadash-html/ltr/img/light.png]
[demo.dashboardmarket.com/hexadash-html/ltr/img/dark.png]
[demo.dashboardmarket.com/hexadash-html/ltr/img/side.png]
[demo.dashboardmarket.com/hexadash-html/ltr/img/top.png]
[demo.dashboardmarket.com/hexadash-html/ltr/demo6.html]
[demo.dashboardmarket.com/hexadash-html/ltr/js/script.min.js]
[demo.dashboardmarket.com/hexadash-html/ltr/js/plugins.min.js]
[demo.dashboardmarket.com/hexadash-html/ltr/fonts/fontawesome/fa-brands-400.eot]
[demo.dashboardmarket.com/hexadash-html/ltr/fonts/fontawesome/fa-brands-400d41d.eot]
[demo.dashboardmarket.com/hexadash-html/ltr/fonts/fontawesome/fa-brands-400.woff2]
[demo.dashboardmarket.com/hexadash-html/ltr/fonts/fontawesome/fa-brands-400.woff]
[demo.dashboardmarket.com/hexadash-html/ltr/fonts/fontawesome/fa-brands-400.ttf]
[demo.dashboardmarket.com/hexadash-html/ltr/fonts/fontawesome/fa-brands-400.svg]
[demo.dashboardmarket.com/hexadash-html/ltr/fonts/fontawesome/fa-regular-400.eot]
[demo.dashboardmarket.com/hexadash-html/ltr/fonts/fontawesome/fa-regular-400d41d.eot]
[demo.dashboardmarket.com/hexadash-html/ltr/fonts/fontawesome/fa-regular-400.woff2]
[demo.dashboardmarket.com/hexadash-html/ltr/fonts/fontawesome/fa-regular-400.woff]
[demo.dashboardmarket.com/hexadash-html/ltr/fonts/fontawesome/fa-regular-400.ttf]
[demo.dashboardmarket.com/hexadash-html/ltr/fonts/fontawesome/fa-regular-400.svg]
[demo.dashboardmarket.com/hexadash-html/ltr/fonts/fontawesome/fa-solid-900.eot]
[demo.dashboardmarket.com/hexadash-html/ltr/fonts/fontawesome/fa-solid-900d41d.eot]
[demo.dashboardmarket.com/hexadash-html/ltr/fonts/fontawesome/fa-solid-900.woff2]
[demo.dashboardmarket.com/hexadash-html/ltr/fonts/fontawesome/fa-solid-900.ttf]
[demo.dashboardmarket.com/hexadash-html/ltr/fonts/fontawesome/fa-solid-900.svg]
[demo.dashboardmarket.com/hexadash-html/ltr/fonts/fontawesome/fa-solid-900.woff]
[demo.dashboardmarket.com/hexadash-html/ltr/css/mCSB_buttons.png]
[demo.dashboardmarket.com/hexadash-html/ltr/css/images/layers.png]
[demo.dashboardmarket.com/hexadash-html/ltr/css/images/layers-2x.png]
[demo.dashboardmarket.com/hexadash-html/ltr/css/images/marker-icon.png]
[demo.dashboardmarket.com/hexadash-html/ltr/fonts/la-brands-400.eot]
[demo.dashboardmarket.com/hexadash-html/ltr/fonts/la-brands-400d41d.eot]
[demo.dashboardmarket.com/hexadash-html/ltr/fonts/la-brands-400.woff2]
[demo.dashboardmarket.com/hexadash-html/ltr/fonts/la-brands-400.woff]
[demo.dashboardmarket.com/hexadash-html/ltr/fonts/la-brands-400.ttf]
[demo.dashboardmarket.com/hexadash-html/ltr/fonts/la-regular-400.eot]
[demo.dashboardmarket.com/hexadash-html/ltr/fonts/la-regular-400d41d.eot]
[demo.dashboardmarket.com/hexadash-html/ltr/fonts/la-regular-400.woff2]
[demo.dashboardmarket.com/hexadash-html/ltr/fonts/la-regular-400.woff]
[demo.dashboardmarket.com/hexadash-html/ltr/fonts/la-regular-400.ttf]
[demo.dashboardmarket.com/hexadash-html/ltr/fonts/la-brands-400.svg]
[demo.dashboardmarket.com/hexadash-html/ltr/fonts/la-regular-400.svg]
[demo.dashboardmarket.com/hexadash-html/ltr/fonts/la-solid-900.eot]
[demo.dashboardmarket.com/hexadash-html/ltr/fonts/la-solid-900d41d.eot]
[demo.dashboardmarket.com/hexadash-html/ltr/fonts/la-solid-900.woff2]
[demo.dashboardmarket.com/hexadash-html/ltr/fonts/la-solid-900.woff]
[demo.dashboardmarket.com/hexadash-html/ltr/fonts/la-solid-900.ttf]
[demo.dashboardmarket.com/hexadash-html/ltr/css/plugin.min.css]
[demo.dashboardmarket.com/hexadash-html/ltr/img/feature-card-image7.png]
[demo.dashboardmarket.com/hexadash-html/ltr/fonts/la-solid-900.svg]
[demo.dashboardmarket.com/hexadash-html/ltr/img/rectangle381.png]
[demo.dashboardmarket.com/hexadash-html/ltr/img/svg/bottomSemicolon.svg]
[demo.dashboardmarket.com/hexadash-html/ltr/img/admin-bg-light.png]
[demo.dashboardmarket.com/hexadash-html/ltr/img/admin-bg-dark.png]
[demo.dashboardmarket.com/hexadash-html/ltr/style.css]
[unicons.iconscout.com/release/v4.0.0/css/line.css]
[demo.dashboardmarket.com/hexadash-html/ltr/img/svg/search.svg]
[demo.dashboardmarket.com/hexadash-html/ltr/img/svg/arrow-success-up.svg]
[demo.dashboardmarket.com/hexadash-html/ltr/index.html]
[demo.dashboardmarket.com/hexadash-html/ltr/img/svg/align-center-alt.svg]
[demo.dashboardmarket.com/hexadash-html/ltr/img/svg/arrow-danger-down.svg]
[demo.dashboardmarket.com/hexadash-html/ltr/img/giorgio.png]
[demo.dashboardmarket.com/hexadash-html/ltr/img/headphone.png]
[demo.dashboardmarket.com/hexadash-html/ltr/img/shoes.png]
[demo.dashboardmarket.com/hexadash-html/ltr/img/mac-pro.png]
[demo.dashboardmarket.com/hexadash-html/ltr/img/creativ-bag.png]
[demo.dashboardmarket.com/hexadash-html/ltr/img/author/robert-1.png]
[demo.dashboardmarket.com/hexadash-html/ltr/img/author/robert-2.png]
[demo.dashboardmarket.com/hexadash-html/ltr/img/author/robert-3.png]
[demo.dashboardmarket.com/hexadash-html/ltr/img/author/robert-4.png]
[demo.dashboardmarket.com/hexadash-html/ltr/img/author/robert-5.png]
[demo.dashboardmarket.com/hexadash-html/ltr/demo2.html]
[demo.dashboardmarket.com/hexadash-html/ltr/demo3.html]
[demo.dashboardmarket.com/hexadash-html/ltr/img/svg/profit2.svg]
[demo.dashboardmarket.com/hexadash-html/ltr/img/glass-trophy.png]
[demo.dashboardmarket.com/hexadash-html/ltr/img/3d-message.png]
[demo.dashboardmarket.com/hexadash-html/ltr/img/browser/microsoft.png]
[demo.dashboardmarket.com/hexadash-html/ltr/img/browser/wordpress.png]
[demo.dashboardmarket.com/hexadash-html/ltr/img/browser/adidas.png]
[demo.dashboardmarket.com/hexadash-html/ltr/img/browser/slack.png]
[demo.dashboardmarket.com/hexadash-html/ltr/img/browser/adobe.png]
[demo.dashboardmarket.com/hexadash-html/ltr/img/profile_bg.png]
[demo.dashboardmarket.com/hexadash-html/ltr/img/profile_bg_2.png]
[demo.dashboardmarket.com/hexadash-html/ltr/img/team01.png]
[demo.dashboardmarket.com/hexadash-html/ltr/img/team02.png]
[demo.dashboardmarket.com/hexadash-html/ltr/img/team03.png]
[demo.dashboardmarket.com/hexadash-html/ltr/img/team04.png]
[demo.dashboardmarket.com/hexadash-html/ltr/img/team1.png]
[demo.dashboardmarket.com/hexadash-html/ltr/img/author/1.jpg]
[demo.dashboardmarket.com/hexadash-html/ltr/img/svg/smile.svg]
[demo.dashboardmarket.com/hexadash-html/ltr/demo4.html]
[demo.dashboardmarket.com/hexadash-html/ltr/img/svg/send.svg]
[demo.dashboardmarket.com/hexadash-html/ltr/img/danial.png]
[demo.dashboardmarket.com/hexadash-html/ltr/img/book-open.png]
[demo.dashboardmarket.com/hexadash-html/ltr/img/inbox-1.png]
[demo.dashboardmarket.com/hexadash-html/ltr/img/inbox-2.png]
[demo.dashboardmarket.com/hexadash-html/ltr/img/inbox-3.png]
[demo.dashboardmarket.com/hexadash-html/ltr/img/bg3.png]
[demo.dashboardmarket.com/hexadash-html/ltr/img/alex-suprun.png]
[demo.dashboardmarket.com/hexadash-html/ltr/img/svg/file-text.svg]
[demo.dashboardmarket.com/hexadash-html/ltr/img/bg2.png]
[demo.dashboardmarket.com/hexadash-html/ltr/img/bg4.png]
[demo.dashboardmarket.com/hexadash-html/ltr/demo5.html]
[demo.dashboardmarket.com/hexadash-html/ltr/img/browser/google.png]
[demo.dashboardmarket.com/hexadash-html/ltr/img/browser/twitter.png]
[demo.dashboardmarket.com/hexadash-html/ltr/demo7.html]
[demo.dashboardmarket.com/hexadash-html/ltr/demo8.html]
[demo.dashboardmarket.com/hexadash-html/ltr/img/svg/group3320.svg]
[demo.dashboardmarket.com/hexadash-html/ltr/demo9.html]
[demo.dashboardmarket.com/hexadash-html/ltr/img/svg/message2.svg]
[demo.dashboardmarket.com/hexadash-html/ltr/img/demo5-banner.png]
[demo.dashboardmarket.com/hexadash-html/ltr/demo10.html]
[demo.dashboardmarket.com/hexadash-html/ltr/img/svg/mail.svg]
[demo.dashboardmarket.com/hexadash-html/ltr/img/svg/plus.svg]
[demo.dashboardmarket.com/hexadash-html/ltr/img/svg/star.svg]
[demo.dashboardmarket.com/hexadash-html/ltr/img/svg/alert-octagon.svg]
[demo.dashboardmarket.com/hexadash-html/ltr/img/svg/trash-2.svg]
[demo.dashboardmarket.com/hexadash-html/ltr/img/svg/list.svg]
[demo.dashboardmarket.com/hexadash-html/ltr/img/svg/chevron-down.svg]
[demo.dashboardmarket.com/hexadash-html/ltr/img/svg/archive.svg]
[demo.dashboardmarket.com/hexadash-html/ltr/img/svg/book-open.svg]
[demo.dashboardmarket.com/hexadash-html/ltr/img/svg/folder.svg]
[demo.dashboardmarket.com/hexadash-html/ltr/img/svg/sliders.svg]
[demo.dashboardmarket.com/hexadash-html/ltr/img/author/e1.png]
[demo.dashboardmarket.com/hexadash-html/ltr/img/svg/maximize-2.svg]
[demo.dashboardmarket.com/hexadash-html/ltr/img/svg/paperclip.svg]
[demo.dashboardmarket.com/hexadash-html/ltr/inbox.html]
[demo.dashboardmarket.com/cdn-cgi/scripts/5c5dd728/cloudflare-static/email-decode.min.js]
[demo.dashboardmarket.com/hexadash-html/ltr/img/svg/chevron-up.svg]
[demo.dashboardmarket.com/hexadash-html/ltr/img/svg/printer.svg]
[demo.dashboardmarket.com/hexadash-html/ltr/img/author/3.jpg]
[demo.dashboardmarket.com/hexadash-html/ltr/img/svg/corner-up-left.svg]
[demo.dashboardmarket.com/hexadash-html/ltr/img/mail/1.png]
[demo.dashboardmarket.com/hexadash-html/ltr/img/svg/download.svg]
[demo.dashboardmarket.com/hexadash-html/ltr/img/svg/share-2.svg]
[demo.dashboardmarket.com/hexadash-html/ltr/img/mail/2.png]
[demo.dashboardmarket.com/hexadash-html/ltr/img/mail/3.png]
[demo.dashboardmarket.com/hexadash-html/ltr/img/mail/4.png]
[demo.dashboardmarket.com/hexadash-html/ltr/img/svg/corner-up-right.svg]
[demo.dashboardmarket.com/hexadash-html/ltr/img/reply-1.png]
[demo.dashboardmarket.com/hexadash-html/ltr/read-email.html]
[demo.dashboardmarket.com/hexadash-html/ltr/img/ellipse1.png]
[demo.dashboardmarket.com/hexadash-html/ltr/img/ellipse2.png]
[demo.dashboardmarket.com/hexadash-html/ltr/img/ellipse3.png]
[demo.dashboardmarket.com/hexadash-html/ltr/img/ellipse4.png]
[demo.dashboardmarket.com/hexadash-html/ltr/img/ellipse5.png]
[demo.dashboardmarket.com/hexadash-html/ltr/img/ellipse6.png]
[demo.dashboardmarket.com/hexadash-html/ltr/img/ellipse7.png]
[demo.dashboardmarket.com/hexadash-html/ltr/img/ellipse8.png]
[demo.dashboardmarket.com/hexadash-html/ltr/img/ellipse9.png]
[demo.dashboardmarket.com/hexadash-html/ltr/img/ellipse10.png]
[demo.dashboardmarket.com/hexadash-html/ltr/img/ellipse11.png]
[demo.dashboardmarket.com/hexadash-html/ltr/img/ellipse12.png]
[demo.dashboardmarket.com/hexadash-html/ltr/img/ellipse13.png]
[demo.dashboardmarket.com/hexadash-html/ltr/img/ellipse15.png]
[demo.dashboardmarket.com/hexadash-html/ltr/img/svg/user-plus.svg]
[demo.dashboardmarket.com/hexadash-html/ltr/img/svg/users.svg]
[demo.dashboardmarket.com/hexadash-html/ltr/img/svg/x-octagon.svg]
[demo.dashboardmarket.com/hexadash-html/ltr/img/svg/cool.png]
[demo.dashboardmarket.com/hexadash-html/ltr/img/svg/happy2.png]
[demo.dashboardmarket.com/hexadash-html/ltr/img/svg/happy.png]
[demo.dashboardmarket.com/hexadash-html/ltr/img/svg/shocked.png]
[demo.dashboardmarket.com/hexadash-html/ltr/img/svg/like.png]
[demo.dashboardmarket.com/hexadash-html/ltr/img/svg/heart.png]
[demo.dashboardmarket.com/hexadash-html/ltr/img/svg/image.svg]
[demo.dashboardmarket.com/hexadash-html/ltr/img/author/2.jpg]
[demo.dashboardmarket.com/hexadash-html/ltr/img/author/4.jpg]
[demo.dashboardmarket.com/hexadash-html/ltr/chat.html]
[demo.dashboardmarket.com/hexadash-html/ltr/img/svg/message-square.svg]
[demo.dashboardmarket.com/hexadash-html/ltr/img/svg/shopping-cart.svg]
[demo.dashboardmarket.com/hexadash-html/ltr/product-list.html]
[demo.dashboardmarket.com/hexadash-html/ltr/img/digital-chair.png]
[demo.dashboardmarket.com/hexadash-html/ltr/img/svg/shopping-bag.svg]
[demo.dashboardmarket.com/hexadash-html/ltr/img/glass-cup.png]
[demo.dashboardmarket.com/hexadash-html/ltr/img/chair2.png]
[demo.dashboardmarket.com/hexadash-html/ltr/img/chair.png]
[demo.dashboardmarket.com/hexadash-html/ltr/img/plate.png]
[demo.dashboardmarket.com/hexadash-html/ltr/img/chair3.png]
[demo.dashboardmarket.com/hexadash-html/ltr/img/juse.png]
[demo.dashboardmarket.com/hexadash-html/ltr/img/coffe-glass.png]
[demo.dashboardmarket.com/hexadash-html/ltr/img/boss-chair.png]
[demo.dashboardmarket.com/hexadash-html/ltr/img/only-juss.png]
[demo.dashboardmarket.com/hexadash-html/ltr/img/flip-chair.png]
[demo.dashboardmarket.com/hexadash-html/ltr/products.html]
[demo.dashboardmarket.com/hexadash-html/ltr/img/furniture.jpg]
[demo.dashboardmarket.com/hexadash-html/ltr/img/furniture2.jpg]
[demo.dashboardmarket.com/hexadash-html/ltr/img/furniture3.jpg]
[demo.dashboardmarket.com/hexadash-html/ltr/product-details.html]
[demo.dashboardmarket.com/hexadash-html/ltr/img/svg/dollar-sign.svg]
[demo.dashboardmarket.com/hexadash-html/ltr/img/svg/percent.svg]
[demo.dashboardmarket.com/hexadash-html/ltr/img/food-restaurant-media.png]
[demo.dashboardmarket.com/hexadash-html/ltr/add-product.html]
[demo.dashboardmarket.com/hexadash-html/ltr/img/cart1.png]
[demo.dashboardmarket.com/hexadash-html/ltr/img/cart2.png]
[demo.dashboardmarket.com/hexadash-html/ltr/img/cart3.png]
[demo.dashboardmarket.com/hexadash-html/ltr/img/svg/coupon.svg]
[demo.dashboardmarket.com/hexadash-html/ltr/cart.html]
[demo.dashboardmarket.com/hexadash-html/ltr/order.html]
[demo.dashboardmarket.com/hexadash-html/ltr/checkout.html]
[demo.dashboardmarket.com/hexadash-html/ltr/img/tm1.png]
[demo.dashboardmarket.com/hexadash-html/ltr/img/tm2.png]
[demo.dashboardmarket.com/hexadash-html/ltr/img/tm3.png]
[demo.dashboardmarket.com/hexadash-html/ltr/img/tm4.png]
[demo.dashboardmarket.com/hexadash-html/ltr/img/tm5.png]
[demo.dashboardmarket.com/hexadash-html/ltr/img/tm6.png]
[demo.dashboardmarket.com/hexadash-html/ltr/sellers.html]
[demo.dashboardmarket.com/hexadash-html/ltr/img/qr.png]
[demo.dashboardmarket.com/hexadash-html/ltr/invoice.html]
[demo.dashboardmarket.com/hexadash-html/ltr/img/svg/chevron-right.svg]
[demo.dashboardmarket.com/hexadash-html/ltr/project-table.html]
[demo.dashboardmarket.com/hexadash-html/ltr/projects.html]
[demo.dashboardmarket.com/hexadash-html/ltr/img/svg/check.svg]
[demo.dashboardmarket.com/hexadash-html/ltr/img/svg/edit-3.svg]
[demo.dashboardmarket.com/hexadash-html/ltr/img/svg/at.svg]
[demo.dashboardmarket.com/hexadash-html/ltr/img/svg/at2.svg]
[demo.dashboardmarket.com/hexadash-html/ltr/img/svg/at4.svg]
[demo.dashboardmarket.com/hexadash-html/ltr/img/svg/at3.svg]
[demo.dashboardmarket.com/hexadash-html/ltr/img/svg/move.svg]
[demo.dashboardmarket.com/hexadash-html/ltr/img/svg/code.svg]
[demo.dashboardmarket.com/hexadash-html/ltr/img/zip@2x.png]
[demo.dashboardmarket.com/hexadash-html/ltr/img/pdf@2x.png]
[demo.dashboardmarket.com/hexadash-html/ltr/img/psd@2x.png]
[demo.dashboardmarket.com/hexadash-html/ltr/img/jpg@2x.png]
[demo.dashboardmarket.com/hexadash-html/ltr/img/png@2x.png]
[demo.dashboardmarket.com/hexadash-html/ltr/application-ui.html]
[demo.dashboardmarket.com/hexadash-html/ltr/create.html]
[demo.dashboardmarket.com/hexadash-html/ltr/img/svg/clock.svg]
[demo.dashboardmarket.com/hexadash-html/ltr/calendar.html]
[demo.dashboardmarket.com/hexadash-html/ltr/users-membar.html]
[demo.dashboardmarket.com/hexadash-html/ltr/users-card.html]
[demo.dashboardmarket.com/hexadash-html/ltr/users-list.html]
[demo.dashboardmarket.com/hexadash-html/ltr/img/svg/align-left.svg]
[demo.dashboardmarket.com/hexadash-html/ltr/img/cover.png]
[demo.dashboardmarket.com/hexadash-html/ltr/img/author/profile.png]
[demo.dashboardmarket.com/hexadash-html/ltr/img/cover2.png]
[demo.dashboardmarket.com/hexadash-html/ltr/img/cover3.png]
[demo.dashboardmarket.com/hexadash-html/ltr/img/cover6.png]
[demo.dashboardmarket.com/hexadash-html/ltr/img/cover5.png]
[demo.dashboardmarket.com/hexadash-html/ltr/users-card2.html]
[demo.dashboardmarket.com/hexadash-html/ltr/img/ugl1.png]
[demo.dashboardmarket.com/hexadash-html/ltr/img/ugl2.png]
[demo.dashboardmarket.com/hexadash-html/ltr/img/ugl3.png]
[demo.dashboardmarket.com/hexadash-html/ltr/img/ugl4.png]
[demo.dashboardmarket.com/hexadash-html/ltr/img/ugl5.png]
[demo.dashboardmarket.com/hexadash-html/ltr/img/ugl6.png]
[demo.dashboardmarket.com/hexadash-html/ltr/users-group.html]
[demo.dashboardmarket.com/hexadash-html/ltr/img/svg/briefcase.svg]
[demo.dashboardmarket.com/hexadash-html/ltr/user-info.html]
[demo.dashboardmarket.com/hexadash-html/ltr/users-datatable.html]
[demo.dashboardmarket.com/hexadash-html/ltr/img/svg/user-check.svg]
[demo.dashboardmarket.com/hexadash-html/ltr/img/svg/camera.svg]
[demo.dashboardmarket.com/hexadash-html/ltr/img/tm7.png]
[demo.dashboardmarket.com/hexadash-html/ltr/contact-1.html]
[demo.dashboardmarket.com/hexadash-html/ltr/img/tm9.png]
[demo.dashboardmarket.com/hexadash-html/ltr/img/svg/phone.svg]
[demo.dashboardmarket.com/hexadash-html/ltr/img/svg/map-pin.svg]
[demo.dashboardmarket.com/hexadash-html/ltr/img/tm10.png]
[demo.dashboardmarket.com/hexadash-html/ltr/img/tm11.png]
[demo.dashboardmarket.com/hexadash-html/ltr/img/tm12.png]
[demo.dashboardmarket.com/hexadash-html/ltr/img/tm13.png]
[demo.dashboardmarket.com/hexadash-html/ltr/img/tm14.png]
[demo.dashboardmarket.com/hexadash-html/ltr/contact-2.html]
[demo.dashboardmarket.com/hexadash-html/ltr/img/svg/bookmark.svg]
[demo.dashboardmarket.com/hexadash-html/ltr/img/svg/activity.svg]
[demo.dashboardmarket.com/hexadash-html/ltr/img/svg/check-square.svg]
[demo.dashboardmarket.com/hexadash-html/ltr/kanban.html]
[demo.dashboardmarket.com/hexadash-html/ltr/img/svg/columns.svg]
[demo.dashboardmarket.com/hexadash-html/ltr/img/svg/repeat.svg]
[demo.dashboardmarket.com/hexadash-html/ltr/import.html]
[demo.dashboardmarket.com/hexadash-html/ltr/export.html]
[demo.dashboardmarket.com/hexadash-html/ltr/export-selected.html]
[demo.dashboardmarket.com/hexadash-html/ltr/img/svg/edit-2.svg]
[demo.dashboardmarket.com/hexadash-html/ltr/file-manager-list.html]
[demo.dashboardmarket.com/hexadash-html/ltr/img/zip.png]
[demo.dashboardmarket.com/hexadash-html/ltr/img/svg/link-2.svg]
[demo.dashboardmarket.com/hexadash-html/ltr/img/pdf.png]
[demo.dashboardmarket.com/hexadash-html/ltr/img/psd.png]
[demo.dashboardmarket.com/hexadash-html/ltr/file-manager.html]
[demo.dashboardmarket.com/hexadash-html/ltr/img/svg/file.svg]
[demo.dashboardmarket.com/hexadash-html/ltr/task-app.html]
[demo.dashboardmarket.com/hexadash-html/ltr/img/svg/clipboard.svg]
[demo.dashboardmarket.com/hexadash-html/ltr/img/bookmark.png]
[demo.dashboardmarket.com/hexadash-html/ltr/img/bookmark2.png]
[demo.dashboardmarket.com/hexadash-html/ltr/img/bookmark3.png]
[demo.dashboardmarket.com/hexadash-html/ltr/img/bookmark4.png]
[demo.dashboardmarket.com/hexadash-html/ltr/bookmarks.html]
[demo.dashboardmarket.com/hexadash-html/ltr/img/svg/user.svg]
[demo.dashboardmarket.com/hexadash-html/ltr/img/svg/globe.svg]
[demo.dashboardmarket.com/hexadash-html/ltr/img/ap-header.png]
[demo.dashboardmarket.com/hexadash-html/ltr/img/ap-author.png]
[demo.dashboardmarket.com/hexadash-html/ltr/img/post-image.png]
[demo.dashboardmarket.com/hexadash-html/ltr/img/svg/thumbs-up.svg]
[demo.dashboardmarket.com/hexadash-html/ltr/img/907.png]
[demo.dashboardmarket.com/hexadash-html/ltr/img/brightland_3744.png]
[demo.dashboardmarket.com/hexadash-html/ltr/img/room.png]
[demo.dashboardmarket.com/hexadash-html/ltr/img/325.png]
[demo.dashboardmarket.com/hexadash-html/ltr/img/design.png]
[demo.dashboardmarket.com/hexadash-html/ltr/img/99.png]
[demo.dashboardmarket.com/hexadash-html/ltr/img/juice-2.png]
[demo.dashboardmarket.com/hexadash-html/ltr/img/svg/play.svg]
[demo.dashboardmarket.com/hexadash-html/ltr/img/cup-card.png]
[demo.dashboardmarket.com/hexadash-html/ltr/img/round-box.png]
[demo.dashboardmarket.com/hexadash-html/ltr/img/glass.png]
[demo.dashboardmarket.com/hexadash-html/ltr/img/bottles.png]
[demo.dashboardmarket.com/hexadash-html/ltr/profile.html]
[demo.dashboardmarket.com/hexadash-html/ltr/img/svg/settings.svg]
[demo.dashboardmarket.com/hexadash-html/ltr/img/svg/key.svg]
[demo.dashboardmarket.com/hexadash-html/ltr/profile-setting.html]
[demo.dashboardmarket.com/hexadash-html/ltr/img/svg/bell.svg]
[demo.dashboardmarket.com/hexadash-html/ltr/img/svg/ticket.svg]
[demo.dashboardmarket.com/hexadash-html/ltr/img/svg/ticket-green1.svg]
[demo.dashboardmarket.com/hexadash-html/ltr/img/svg/clock-ticket1.svg]
[demo.dashboardmarket.com/hexadash-html/ltr/support-ticket.html]
[demo.dashboardmarket.com/hexadash-html/ltr/img/svg/check-circle1.svg]
[demo.dashboardmarket.com/hexadash-html/ltr/img/svg/arrow-left.svg]
[demo.dashboardmarket.com/hexadash-html/ltr/img/tdi.png]
[demo.dashboardmarket.com/hexadash-html/ltr/support-details.html]
[demo.dashboardmarket.com/hexadash-html/ltr/new-ticket.html]
[demo.dashboardmarket.com/hexadash-html/ltr/img/stats.png]
[demo.dashboardmarket.com/hexadash-html/ltr/img/chrome.png]
[demo.dashboardmarket.com/hexadash-html/ltr/img/dribbble.png]
[demo.dashboardmarket.com/hexadash-html/ltr/img/slack.png]
[demo.dashboardmarket.com/hexadash-html/ltr/img/tags.png]
[demo.dashboardmarket.com/hexadash-html/ltr/img/firefox.png]
[demo.dashboardmarket.com/hexadash-html/ltr/jobSearch.html]
[demo.dashboardmarket.com/hexadash-html/ltr/jobSearchList.html]
[demo.dashboardmarket.com/hexadash-html/ltr/jobDetails.html]
[demo.dashboardmarket.com/hexadash-html/ltr/job-apply.html]
[demo.dashboardmarket.com/hexadash-html/ltr/basic-table.html]
[demo.dashboardmarket.com/hexadash-html/ltr/datatable.html]
[demo.dashboardmarket.com/hexadash-html/ltr/dynamic-table.html]
[demo.dashboardmarket.com/hexadash-html/ltr/firestore.html]
[demo.dashboardmarket.com/hexadash-html/ltr/firestore-add.html]
[demo.dashboardmarket.com/hexadash-html/ltr/editors.html]
[demo.dashboardmarket.com/hexadash-html/ltr/img/svg/edit.svg]
[demo.dashboardmarket.com/hexadash-html/ltr/img/svg/grid.svg]
[demo.dashboardmarket.com/hexadash-html/ltr/unicon-icons.html]
[demo.dashboardmarket.com/hexadash-html/ltr/fontawesome.html]
[demo.dashboardmarket.com/hexadash-html/ltr/lineawesome.html]
[demo.dashboardmarket.com/hexadash-html/ltr/img/svg/bar-chart-2.svg]
[demo.dashboardmarket.com/hexadash-html/ltr/charts.html]
[demo.dashboardmarket.com/hexadash-html/ltr/google-chart.html]
[demo.dashboardmarket.com/hexadash-html/ltr/peity-chart.html]
[demo.dashboardmarket.com/hexadash-html/ltr/img/svg/disc.svg]
[demo.dashboardmarket.com/hexadash-html/ltr/form.html]
[demo.dashboardmarket.com/hexadash-html/ltr/form-layouts.html]
[demo.dashboardmarket.com/hexadash-html/ltr/form-elements.html]
[demo.dashboardmarket.com/hexadash-html/ltr/form-components.html]
[demo.dashboardmarket.com/hexadash-html/ltr/form-validations.html]
[demo.dashboardmarket.com/hexadash-html/ltr/img/svg/map.svg]
[demo.dashboardmarket.com/hexadash-html/ltr/google-map.html]
[demo.dashboardmarket.com/hexadash-html/ltr/leaflet-map.html]
[demo.dashboardmarket.com/hexadash-html/ltr/vector-map.html]
[demo.dashboardmarket.com/hexadash-html/ltr/img/svg/server.svg]
[demo.dashboardmarket.com/hexadash-html/ltr/img/svg/calendar.svg]
[demo.dashboardmarket.com/hexadash-html/ltr/img/svg/arrow-up.svg]
[demo.dashboardmarket.com/hexadash-html/ltr/img/svg/arrow-down.svg]
[demo.dashboardmarket.com/hexadash-html/ltr/img/svg/trending-up.svg]
[demo.dashboardmarket.com/hexadash-html/ltr/widget-charts.html]
[demo.dashboardmarket.com/hexadash-html/ltr/widget-mixed.html]
[demo.dashboardmarket.com/hexadash-html/ltr/img/svg/trending-down.svg]
[demo.dashboardmarket.com/hexadash-html/ltr/img/blog-single1.png]
[demo.dashboardmarket.com/hexadash-html/ltr/img/blog-single2.png]
[demo.dashboardmarket.com/hexadash-html/ltr/img/blog-single3.png]
[demo.dashboardmarket.com/hexadash-html/ltr/img/blog-single4.png]
[demo.dashboardmarket.com/hexadash-html/ltr/img/svg/feature1.svg]
[demo.dashboardmarket.com/hexadash-html/ltr/img/svg/feature2.svg]
[demo.dashboardmarket.com/hexadash-html/ltr/img/svg/feature3.svg]
[demo.dashboardmarket.com/hexadash-html/ltr/img/svg/feature4.svg]
[demo.dashboardmarket.com/hexadash-html/ltr/img/svg/feature-cards5.svg]
[demo.dashboardmarket.com/hexadash-html/ltr/img/svg/feature-cards6.svg]
[demo.dashboardmarket.com/hexadash-html/ltr/img/svg/feature-cards7.svg]
[demo.dashboardmarket.com/hexadash-html/ltr/img/svg/feature-cards8.svg]
[demo.dashboardmarket.com/hexadash-html/ltr/img/blog-author.jpg]
[demo.dashboardmarket.com/hexadash-html/ltr/img/svg/eye.svg]
[demo.dashboardmarket.com/hexadash-html/ltr/img/fc1.png]
[demo.dashboardmarket.com/hexadash-html/ltr/img/fc2.png]
[demo.dashboardmarket.com/hexadash-html/ltr/img/fc3.png]
[demo.dashboardmarket.com/hexadash-html/ltr/img/fc4.png]
[demo.dashboardmarket.com/hexadash-html/ltr/img/svg/feature-cards9.svg]
[demo.dashboardmarket.com/hexadash-html/ltr/img/svg/feature-cards10.svg]
[demo.dashboardmarket.com/hexadash-html/ltr/img/svg/feature-cards11.svg]
[demo.dashboardmarket.com/hexadash-html/ltr/img/svg/feature-cards12.svg]
[demo.dashboardmarket.com/hexadash-html/ltr/img/svg/adobe.svg]
[demo.dashboardmarket.com/hexadash-html/ltr/img/svg/slack.svg]
[demo.dashboardmarket.com/hexadash-html/ltr/img/svg/trello.svg]
[demo.dashboardmarket.com/hexadash-html/ltr/img/svg/whatsapp.svg]
[demo.dashboardmarket.com/hexadash-html/ltr/img/svg/feature-lock.svg]
[demo.dashboardmarket.com/hexadash-html/ltr/img/author-more.png]
[demo.dashboardmarket.com/hexadash-html/ltr/img/svg/layers.svg]
[demo.dashboardmarket.com/hexadash-html/ltr/img/svg/feature-upload.svg]
[demo.dashboardmarket.com/hexadash-html/ltr/widget-card.html]
[demo.dashboardmarket.com/hexadash-html/ltr/img/svg/square.svg]
[demo.dashboardmarket.com/hexadash-html/ltr/img/svg/feature-img.svg]
[demo.dashboardmarket.com/hexadash-html/ltr/img/svg/userExtra.svg]
[demo.dashboardmarket.com/hexadash-html/ltr/img/svg/checkout.svg]
[demo.dashboardmarket.com/hexadash-html/ltr/img/svg/address.svg]
[demo.dashboardmarket.com/hexadash-html/ltr/img/svg/155-credit-card.svg]
[demo.dashboardmarket.com/hexadash-html/ltr/img/svg/024-like.svg]
[demo.dashboardmarket.com/hexadash-html/ltr/checkout-wizard6.html]
[demo.dashboardmarket.com/hexadash-html/ltr/checkout2-wizard6.html]
[demo.dashboardmarket.com/hexadash-html/ltr/checkout-wizard7.html]
[demo.dashboardmarket.com/hexadash-html/ltr/checkout2-wizard7.html]
[demo.dashboardmarket.com/hexadash-html/ltr/img/svg/progress1.svg]
[demo.dashboardmarket.com/hexadash-html/ltr/checkout-wizard8.html]
[demo.dashboardmarket.com/hexadash-html/ltr/checkout2-wizard8.html]
[demo.dashboardmarket.com/hexadash-html/ltr/checkout-wizard9.html]
[demo.dashboardmarket.com/hexadash-html/ltr/checkout2-wizard9.html]
[demo.dashboardmarket.com/hexadash-html/ltr/checkout-wizard10.html]
[demo.dashboardmarket.com/hexadash-html/ltr/img/svg/book.svg]
[demo.dashboardmarket.com/hexadash-html/ltr/knowledgebase.html]
[demo.dashboardmarket.com/hexadash-html/ltr/knowledgebase-2.html]
[demo.dashboardmarket.com/hexadash-html/ltr/checkout2-wizard10.html]
[demo.dashboardmarket.com/hexadash-html/ltr/img/nopath.png]
[demo.dashboardmarket.com/hexadash-html/ltr/knowledgebase-3.html]
[demo.dashboardmarket.com/hexadash-html/ltr/changelog.html]
[demo.dashboardmarket.com/hexadash-html/ltr/img/svg/frown.svg]
[demo.dashboardmarket.com/hexadash-html/ltr/img/gallery.png]
[demo.dashboardmarket.com/hexadash-html/ltr/img/gallery2.png]
[demo.dashboardmarket.com/hexadash-html/ltr/img/gallery3.png]
[demo.dashboardmarket.com/hexadash-html/ltr/img/gallery4.png]
[demo.dashboardmarket.com/hexadash-html/ltr/img/gallery5.png]
[demo.dashboardmarket.com/hexadash-html/ltr/img/gallery6.png]
[demo.dashboardmarket.com/hexadash-html/ltr/img/gallery7.png]
[demo.dashboardmarket.com/hexadash-html/ltr/img/gallery8.png]
[demo.dashboardmarket.com/hexadash-html/ltr/img/gallery9.png]
[demo.dashboardmarket.com/hexadash-html/ltr/img/gallery10.png]
[demo.dashboardmarket.com/hexadash-html/ltr/img/gallery11.png]
[demo.dashboardmarket.com/hexadash-html/ltr/gallery.html]
[demo.dashboardmarket.com/hexadash-html/ltr/gallery2.html]
[demo.dashboardmarket.com/hexadash-html/ltr/pricing.html]
[demo.dashboardmarket.com/hexadash-html/ltr/img/svg/link.svg]
[demo.dashboardmarket.com/hexadash-html/ltr/img/svg/group9010.svg]
[demo.dashboardmarket.com/hexadash-html/ltr/img/svg/group9060.svg]
[demo.dashboardmarket.com/hexadash-html/ltr/img/svg/group3503.svg]
[demo.dashboardmarket.com/hexadash-html/ltr/img/sale.png]
[demo.dashboardmarket.com/hexadash-html/ltr/img/svg/group9102.svg]
[demo.dashboardmarket.com/hexadash-html/ltr/img/svg/group3488.svg]
[demo.dashboardmarket.com/hexadash-html/ltr/img/svg/group3396.svg]
[demo.dashboardmarket.com/hexadash-html/ltr/img/svg/group93352.svg]
[demo.dashboardmarket.com/hexadash-html/ltr/img/svg/man.svg]
[demo.dashboardmarket.com/hexadash-html/ltr/img/svg/group3474.svg]
[demo.dashboardmarket.com/hexadash-html/ltr/banner.html]
[demo.dashboardmarket.com/hexadash-html/ltr/img/svg/objects.svg]
[demo.dashboardmarket.com/hexadash-html/ltr/img/team-center.png]
[demo.dashboardmarket.com/hexadash-html/ltr/img/team-2.png]
[demo.dashboardmarket.com/hexadash-html/ltr/img/team-3.png]
[demo.dashboardmarket.com/hexadash-html/ltr/testimonial.html]
[demo.dashboardmarket.com/hexadash-html/ltr/img/svg/quote2.svg]
[demo.dashboardmarket.com/hexadash-html/ltr/faq.html]
[demo.dashboardmarket.com/hexadash-html/ltr/search.html]
[demo.dashboardmarket.com/hexadash-html/ltr/blank.html]
[demo.dashboardmarket.com/hexadash-html/ltr/img/svg/faq-support.svg]
[demo.dashboardmarket.com/hexadash-html/ltr/img/svg/banne-group21.svg]
[demo.dashboardmarket.com/hexadash-html/ltr/img/svg/idea.svg]
[demo.dashboardmarket.com/hexadash-html/ltr/img/svg/chat.svg]
[demo.dashboardmarket.com/hexadash-html/ltr/support.html]
[demo.dashboardmarket.com/hexadash-html/ltr/blog.html]
[demo.dashboardmarket.com/hexadash-html/ltr/img/svg/documents.svg]
[demo.dashboardmarket.com/hexadash-html/ltr/img/blog2.png]
[demo.dashboardmarket.com/hexadash-html/ltr/img/blog3.png]
[demo.dashboardmarket.com/hexadash-html/ltr/img/blog4.png]
[demo.dashboardmarket.com/hexadash-html/ltr/img/blog5.png]
[demo.dashboardmarket.com/hexadash-html/ltr/img/blog6.png]
[demo.dashboardmarket.com/hexadash-html/ltr/img/blog7.png]
[demo.dashboardmarket.com/hexadash-html/ltr/img/blog8.png]
[demo.dashboardmarket.com/hexadash-html/ltr/img/blog9.png]
[demo.dashboardmarket.com/hexadash-html/ltr/img/blog10.png]
[demo.dashboardmarket.com/hexadash-html/ltr/img/blog11.png]
[demo.dashboardmarket.com/hexadash-html/ltr/blog2.html]
[demo.dashboardmarket.com/hexadash-html/ltr/blog3.html]
[demo.dashboardmarket.com/hexadash-html/ltr/img/blog-details.png]
[demo.dashboardmarket.com/hexadash-html/ltr/blog-details.html]
[demo.dashboardmarket.com/hexadash-html/ltr/img/svg/topSemicolon.svg]
[demo.dashboardmarket.com/hexadash-html/ltr/img/it1.png]
[demo.dashboardmarket.com/hexadash-html/ltr/img/it2.png]
[demo.dashboardmarket.com/hexadash-html/ltr/img/it3.png]
[demo.dashboardmarket.com/hexadash-html/ltr/img/it4.png]
[demo.dashboardmarket.com/hexadash-html/ltr/img/it5.png]
[demo.dashboardmarket.com/hexadash-html/ltr/img/it6.png]
[demo.dashboardmarket.com/hexadash-html/ltr/img/it7.png]
[demo.dashboardmarket.com/hexadash-html/ltr/course.html]
[demo.dashboardmarket.com/hexadash-html/ltr/img/play.png]
[demo.dashboardmarket.com/hexadash-html/ltr/img/svg/youtube.svg]
[demo.dashboardmarket.com/hexadash-html/ltr/img/svg/book-alt.svg]
[demo.dashboardmarket.com/hexadash-html/ltr/img/svg/clock2.svg]
[demo.dashboardmarket.com/hexadash-html/ltr/img/svg/award.svg]
[demo.dashboardmarket.com/hexadash-html/ltr/course-details.html]
[demo.dashboardmarket.com/hexadash-html/ltr/terms.html]
[demo.dashboardmarket.com/hexadash-html/ltr/img/svg/sync.svg]
[demo.dashboardmarket.com/hexadash-html/ltr/maintenance.html]
[demo.dashboardmarket.com/hexadash-html/ltr/img/svg/maintenance.svg]
[demo.dashboardmarket.com/hexadash-html/ltr/404.html]
[demo.dashboardmarket.com/hexadash-html/ltr/img/svg/404.svg]
[demo.dashboardmarket.com/hexadash-html/ltr/img/logo-dark.svg]
[demo.dashboardmarket.com/hexadash-html/ltr/coming-soon.html]
[demo.dashboardmarket.com/hexadash-html/ltr/img/logo-white.svg]
[unicons.iconscout.com/release/v3.0.0/css/line.css]
[demo.dashboardmarket.com/hexadash-html/ltr/forget-password.html]
[demo.dashboardmarket.com/hexadash-html/ltr/login.html]
[demo.dashboardmarket.com/hexadash-html/ltr/sign-up.html]
[demo.dashboardmarket.com/hexadash-html/ltr/alert.html]
[demo.dashboardmarket.com/hexadash-html/ltr/avatar.html]
[demo.dashboardmarket.com/hexadash-html/ltr/img/google-Icon.svg]
[demo.dashboardmarket.com/hexadash-html/ltr/badge.html]
[demo.dashboardmarket.com/hexadash-html/ltr/breadcrumbs.html]
[demo.dashboardmarket.com/hexadash-html/ltr/img/svg/minus.svg]
[demo.dashboardmarket.com/hexadash-html/ltr/buttons.html]
[demo.dashboardmarket.com/hexadash-html/ltr/cards.html]
[demo.dashboardmarket.com/hexadash-html/ltr/carousel.html]
[demo.dashboardmarket.com/hexadash-html/ltr/checkbox.html]
[demo.dashboardmarket.com/hexadash-html/ltr/collapse.html]
[demo.dashboardmarket.com/hexadash-html/ltr/img/svg/chevron-left.svg]
[demo.dashboardmarket.com/hexadash-html/ltr/comments.html]
[demo.dashboardmarket.com/hexadash-html/ltr/dashboard-base.html]
[demo.dashboardmarket.com/hexadash-html/ltr/date-picker.html]
[demo.dashboardmarket.com/hexadash-html/ltr/drawer.html]
[demo.dashboardmarket.com/hexadash-html/ltr/drag-drop.html]
[demo.dashboardmarket.com/hexadash-html/ltr/dropdown.html]
[demo.dashboardmarket.com/hexadash-html/ltr/img/svg/thumbs-down.svg]
[demo.dashboardmarket.com/hexadash-html/ltr/img/svg/1.png]
[demo.dashboardmarket.com/hexadash-html/ltr/img/svg/3.svg]
[demo.dashboardmarket.com/hexadash-html/ltr/img/svg/2.png]
[demo.dashboardmarket.com/hexadash-html/ltr/empty.html]
[demo.dashboardmarket.com/hexadash-html/ltr/input.html]
[demo.dashboardmarket.com/hexadash-html/ltr/list.html]
[demo.dashboardmarket.com/hexadash-html/ltr/menu.html]
[demo.dashboardmarket.com/hexadash-html/ltr/message.html]
[demo.dashboardmarket.com/hexadash-html/ltr/img/svg/alert-circle.svg]
[demo.dashboardmarket.com/hexadash-html/ltr/img/svg/check-circle.svg]
[demo.dashboardmarket.com/hexadash-html/ltr/modal.html]
[demo.dashboardmarket.com/hexadash-html/ltr/notifications.html]
[demo.dashboardmarket.com/hexadash-html/ltr/page-header.html]
[demo.dashboardmarket.com/hexadash-html/ltr/pagination.html]
[demo.dashboardmarket.com/hexadash-html/ltr/progressbar.html]
[demo.dashboardmarket.com/hexadash-html/ltr/radio.html]
[demo.dashboardmarket.com/hexadash-html/ltr/rate.html]
[demo.dashboardmarket.com/hexadash-html/ltr/result.html]
[demo.dashboardmarket.com/hexadash-html/ltr/select.html]
[demo.dashboardmarket.com/hexadash-html/ltr/skeleton.html]
[demo.dashboardmarket.com/hexadash-html/ltr/time-picker.html]
[demo.dashboardmarket.com/hexadash-html/ltr/slider.html]
[demo.dashboardmarket.com/hexadash-html/ltr/spin.html]
[demo.dashboardmarket.com/hexadash-html/ltr/statistics.html]
[demo.dashboardmarket.com/hexadash-html/ltr/steps.html]
[demo.dashboardmarket.com/hexadash-html/ltr/switch.html]
[demo.dashboardmarket.com/hexadash-html/ltr/tab.html]
[demo.dashboardmarket.com/hexadash-html/ltr/tag.html]
[demo.dashboardmarket.com/hexadash-html/ltr/timeline.html]
[demo.dashboardmarket.com/hexadash-html/ltr/img/svg/x-circle.svg]
[demo.dashboardmarket.com/hexadash-html/ltr/img/svg/paper-plane.svg]
[demo.dashboardmarket.com/hexadash-html/ltr/img/svg/surface1.svg]
[demo.dashboardmarket.com/hexadash-html/ltr/img/svg/pen.svg]
[demo.dashboardmarket.com/hexadash-html/ltr/img/svg/notification-basic.svg]
[demo.dashboardmarket.com/hexadash-html/ltr/img/svg/user-basic.svg]
[demo.dashboardmarket.com/hexadash-html/ltr/timeline-2.html]
[demo.dashboardmarket.com/hexadash-html/ltr/timeline-3.html]
[demo.dashboardmarket.com/hexadash-html/ltr/img/svg/layers-basic.svg]
[demo.dashboardmarket.com/hexadash-html/ltr/img/upload.png]
[demo.dashboardmarket.com/hexadash-html/ltr/uploads.html]
[demo.dashboardmarket.com/hexadash-html/ltr/img/svg/message.svg]
[demo.dashboardmarket.com/hexadash-html/ltr/img/svg/alarm.svg]
[demo.dashboardmarket.com/hexadash-html/ltr/img/svg/inbox.svg]
[demo.dashboardmarket.com/hexadash-html/ltr/img/svg/upload.svg]
[demo.dashboardmarket.com/hexadash-html/ltr/img/svg/log-in.svg]
[demo.dashboardmarket.com/hexadash-html/ltr/img/svg/at-sign.svg]
[demo.dashboardmarket.com/hexadash-html/ltr/img/svg/heart.svg]
[demo.dashboardmarket.com/hexadash-html/ltr/img/svg/x.svg]
[demo.dashboardmarket.com/hexadash-html/ltr/img/svg/more-vertical.svg]
[demo.dashboardmarket.com/hexadash-html/ltr/contact-3.html]
[demo.dashboardmarket.com/hexadash-html/ltr/note.html]
[demo.dashboardmarket.com/hexadash-html/ltr/to-do.html]
[demo.dashboardmarket.com/hexadash-html/ltr/grid.html]
[demo.dashboardmarket.com/hexadash-html/ltr/apexchart.html]
[demo.dashboardmarket.com/hexadash-html/ltr/img/svg/more-horizontal.svg]
[demo.dashboardmarket.com/hexadash-html/ltr/img/svg/x2.svg]
[demo.dashboardmarket.com/hexadash-html/ltr/fonts/fontawesome/fa-brands-400.html]
[demo.dashboardmarket.com/hexadash-html/ltr/fonts/fontawesome/fa-regular-400.html]
[demo.dashboardmarket.com/hexadash-html/ltr/fonts/fontawesome/fa-solid-900.html]
[demo.dashboardmarket.com/hexadash-html/ltr/css/mCSB_buttons.html]
[demo.dashboardmarket.com/hexadash-html/ltr/css/images/layers.html]
[demo.dashboardmarket.com/hexadash-html/ltr/css/images/layers-2x.html]
[demo.dashboardmarket.com/hexadash-html/ltr/css/images/marker-icon.html]
[demo.dashboardmarket.com/hexadash-html/ltr/fonts/la-brands-400.svg]
[demo.dashboardmarket.com/hexadash-html/ltr/fonts/la-regular-400.svg]
[demo.dashboardmarket.com/hexadash-html/ltr/img/svg/tag.svg]
[demo.dashboardmarket.com/hexadash-html/ltr/fonts/la-solid-900.svg]
[demo.dashboardmarket.com/hexadash-html/ltr/img/svg/bottomSemicolon.svg]
[demo.dashboardmarket.com/hexadash-html/ltr/img/svg/arrow-success-up.svg]
[demo.dashboardmarket.com/hexadash-html/ltr/img/svg/arrow-danger-down.svg]
[demo.dashboardmarket.com/hexadash-html/ltr/img/svg/profit2.svg]
[demo.dashboardmarket.com/hexadash-html/ltr/img/svg/smile.svg]
[demo.dashboardmarket.com/hexadash-html/ltr/img/svg/send.svg]
[demo.dashboardmarket.com/hexadash-html/ltr/img/svg/file-text.svg]
[demo.dashboardmarket.com/hexadash-html/ltr/img/svg/group3320.svg]
[demo.dashboardmarket.com/hexadash-html/ltr/img/svg/message2.svg]
[demo.dashboardmarket.com/hexadash-html/ltr/img/svg/plus.svg]
[demo.dashboardmarket.com/hexadash-html/ltr/img/svg/star.svg]
[demo.dashboardmarket.com/hexadash-html/ltr/img/svg/alert-octagon.svg]
[demo.dashboardmarket.com/hexadash-html/ltr/img/svg/trash-2.svg]
[demo.dashboardmarket.com/hexadash-html/ltr/img/svg/list.svg]
[demo.dashboardmarket.com/hexadash-html/ltr/img/svg/chevron-down.svg]
[demo.dashboardmarket.com/hexadash-html/ltr/img/svg/archive.svg]
[demo.dashboardmarket.com/hexadash-html/ltr/img/svg/book-open.svg]
[demo.dashboardmarket.com/hexadash-html/ltr/img/svg/folder.svg]
[demo.dashboardmarket.com/hexadash-html/ltr/img/svg/sliders.svg]
[demo.dashboardmarket.com/hexadash-html/ltr/img/svg/maximize-2.svg]
[demo.dashboardmarket.com/hexadash-html/ltr/img/svg/paperclip.svg]
[demo.dashboardmarket.com/hexadash-html/ltr/img/svg/chevron-up.svg]
[demo.dashboardmarket.com/hexadash-html/ltr/img/svg/printer.svg]
[demo.dashboardmarket.com/hexadash-html/ltr/img/svg/corner-up-left.svg]
[demo.dashboardmarket.com/hexadash-html/ltr/img/svg/download.svg]
[demo.dashboardmarket.com/hexadash-html/ltr/img/svg/share-2.svg]
[demo.dashboardmarket.com/hexadash-html/ltr/img/svg/corner-up-right.svg]
[demo.dashboardmarket.com/hexadash-html/ltr/img/svg/user-plus.svg]
[demo.dashboardmarket.com/hexadash-html/ltr/img/svg/users.svg]
[demo.dashboardmarket.com/hexadash-html/ltr/img/svg/x-octagon.svg]
[demo.dashboardmarket.com/hexadash-html/ltr/img/svg/image.svg]
[demo.dashboardmarket.com/hexadash-html/ltr/product-list.html]
[demo.dashboardmarket.com/hexadash-html/ltr/img/svg/shopping-bag.svg]
[demo.dashboardmarket.com/hexadash-html/ltr/img/svg/dollar-sign.svg]
[demo.dashboardmarket.com/hexadash-html/ltr/img/svg/percent.svg]
[demo.dashboardmarket.com/hexadash-html/ltr/img/svg/coupon.svg]
[demo.dashboardmarket.com/hexadash-html/ltr/checkout.html]
[demo.dashboardmarket.com/hexadash-html/ltr/img/svg/chevron-right.svg]
[demo.dashboardmarket.com/hexadash-html/ltr/project-table.html]
[demo.dashboardmarket.com/hexadash-html/ltr/img/svg/check.svg]
[demo.dashboardmarket.com/hexadash-html/ltr/img/svg/edit-3.svg]
[demo.dashboardmarket.com/hexadash-html/ltr/img/svg/at.svg]
[demo.dashboardmarket.com/hexadash-html/ltr/img/svg/at2.svg]
[demo.dashboardmarket.com/hexadash-html/ltr/img/svg/at4.svg]
[demo.dashboardmarket.com/hexadash-html/ltr/img/svg/at3.svg]
[demo.dashboardmarket.com/hexadash-html/ltr/img/svg/move.svg]
[demo.dashboardmarket.com/hexadash-html/ltr/img/svg/code.svg]
[demo.dashboardmarket.com/hexadash-html/ltr/img/svg/clock.svg]
[demo.dashboardmarket.com/hexadash-html/ltr/img/svg/align-left.svg]
[demo.dashboardmarket.com/hexadash-html/ltr/img/svg/briefcase.svg]
[demo.dashboardmarket.com/hexadash-html/ltr/img/svg/camera.svg]
[demo.dashboardmarket.com/hexadash-html/ltr/img/svg/phone.svg]
[demo.dashboardmarket.com/hexadash-html/ltr/img/svg/map-pin.svg]
[demo.dashboardmarket.com/hexadash-html/ltr/img/svg/check-square.svg]
[demo.dashboardmarket.com/hexadash-html/ltr/img/svg/edit-2.svg]
[demo.dashboardmarket.com/hexadash-html/ltr/file-manager-list.html]
[demo.dashboardmarket.com/hexadash-html/ltr/img/svg/link-2.svg]
[demo.dashboardmarket.com/hexadash-html/ltr/img/svg/globe.svg]
[demo.dashboardmarket.com/hexadash-html/ltr/img/svg/thumbs-up.svg]
[demo.dashboardmarket.com/hexadash-html/ltr/img/svg/play.svg]
[demo.dashboardmarket.com/hexadash-html/ltr/img/svg/settings.svg]
[demo.dashboardmarket.com/hexadash-html/ltr/img/svg/key.svg]
[demo.dashboardmarket.com/hexadash-html/ltr/img/svg/bell.svg]
[demo.dashboardmarket.com/hexadash-html/ltr/img/svg/ticket.svg]
[demo.dashboardmarket.com/hexadash-html/ltr/img/svg/ticket-green1.svg]
[demo.dashboardmarket.com/hexadash-html/ltr/img/svg/clock-ticket1.svg]
[demo.dashboardmarket.com/hexadash-html/ltr/img/svg/check-circle1.svg]
[demo.dashboardmarket.com/hexadash-html/ltr/img/svg/arrow-left.svg]
[demo.dashboardmarket.com/hexadash-html/ltr/img/svg/calendar.svg]
[demo.dashboardmarket.com/hexadash-html/ltr/img/svg/arrow-up.svg]
[demo.dashboardmarket.com/hexadash-html/ltr/img/svg/arrow-down.svg]
[demo.dashboardmarket.com/hexadash-html/ltr/img/svg/trending-up.svg]
[demo.dashboardmarket.com/hexadash-html/ltr/img/svg/trending-down.svg]
[demo.dashboardmarket.com/hexadash-html/ltr/img/svg/feature1.svg]
[demo.dashboardmarket.com/hexadash-html/ltr/img/svg/feature2.svg]
[demo.dashboardmarket.com/hexadash-html/ltr/img/svg/feature3.svg]
[demo.dashboardmarket.com/hexadash-html/ltr/img/svg/feature4.svg]
[demo.dashboardmarket.com/hexadash-html/ltr/img/svg/feature-cards5.svg]
[demo.dashboardmarket.com/hexadash-html/ltr/img/svg/feature-cards6.svg]
[demo.dashboardmarket.com/hexadash-html/ltr/img/svg/feature-cards7.svg]
[demo.dashboardmarket.com/hexadash-html/ltr/img/svg/feature-cards8.svg]
[demo.dashboardmarket.com/hexadash-html/ltr/img/svg/eye.svg]
[demo.dashboardmarket.com/hexadash-html/ltr/img/svg/feature-cards9.svg]
[demo.dashboardmarket.com/hexadash-html/ltr/img/svg/feature-cards10.svg]
[demo.dashboardmarket.com/hexadash-html/ltr/img/svg/feature-cards11.svg]
[demo.dashboardmarket.com/hexadash-html/ltr/img/svg/feature-cards12.svg]
[demo.dashboardmarket.com/hexadash-html/ltr/img/svg/adobe.svg]
[demo.dashboardmarket.com/hexadash-html/ltr/img/svg/slack.svg]
[demo.dashboardmarket.com/hexadash-html/ltr/img/svg/trello.svg]
[demo.dashboardmarket.com/hexadash-html/ltr/img/svg/whatsapp.svg]
[demo.dashboardmarket.com/hexadash-html/ltr/img/svg/feature-lock.svg]
[demo.dashboardmarket.com/hexadash-html/ltr/img/svg/layers.svg]
[demo.dashboardmarket.com/hexadash-html/ltr/img/svg/feature-upload.svg]
[demo.dashboardmarket.com/hexadash-html/ltr/img/svg/feature-img.svg]
[demo.dashboardmarket.com/hexadash-html/ltr/img/svg/userExtra.svg]
[demo.dashboardmarket.com/hexadash-html/ltr/img/svg/checkout.svg]
[demo.dashboardmarket.com/hexadash-html/ltr/img/svg/address.svg]
[demo.dashboardmarket.com/hexadash-html/ltr/img/svg/155-credit-card.svg]
[demo.dashboardmarket.com/hexadash-html/ltr/img/svg/024-like.svg]
[demo.dashboardmarket.com/hexadash-html/ltr/checkout2.html]
[demo.dashboardmarket.com/hexadash-html/ltr/img/svg/user-success.svg]
[demo.dashboardmarket.com/hexadash-html/ltr/img/svg/checkoutin.svg]
[demo.dashboardmarket.com/hexadash-html/ltr/img/svg/adress-active.svg]
[demo.dashboardmarket.com/hexadash-html/ltr/checkout2-wizard6.html]
[demo.dashboardmarket.com/hexadash-html/ltr/checkout-payment-wizard6.html]
[demo.dashboardmarket.com/hexadash-html/ltr/checkout2-wizard7.html]
[demo.dashboardmarket.com/hexadash-html/ltr/img/svg/progress1.svg]
[demo.dashboardmarket.com/hexadash-html/ltr/checkout-payment-wizard7.html]
[demo.dashboardmarket.com/hexadash-html/ltr/img/svg/progress3.svg]
[demo.dashboardmarket.com/hexadash-html/ltr/checkout2-wizard8.html]
[demo.dashboardmarket.com/hexadash-html/ltr/checkout-payment-wizard8.html]
[demo.dashboardmarket.com/hexadash-html/ltr/checkout2-wizard9.html]
[demo.dashboardmarket.com/hexadash-html/ltr/checkout-payment-wizard9.html]
[demo.dashboardmarket.com/hexadash-html/ltr/checkout2-wizard10.html]
[demo.dashboardmarket.com/hexadash-html/ltr/img/svg/frown.svg]
[demo.dashboardmarket.com/hexadash-html/ltr/img/svg/link.svg]
[demo.dashboardmarket.com/hexadash-html/ltr/img/svg/group9010.svg]
[demo.dashboardmarket.com/hexadash-html/ltr/img/svg/group9060.svg]
[demo.dashboardmarket.com/hexadash-html/ltr/img/svg/group3503.svg]
[demo.dashboardmarket.com/hexadash-html/ltr/img/svg/group9102.svg]
[demo.dashboardmarket.com/hexadash-html/ltr/img/svg/group3488.svg]
[demo.dashboardmarket.com/hexadash-html/ltr/img/svg/group3396.svg]
[demo.dashboardmarket.com/hexadash-html/ltr/img/svg/group93352.svg]
[demo.dashboardmarket.com/hexadash-html/ltr/img/svg/man.svg]
[demo.dashboardmarket.com/hexadash-html/ltr/img/svg/group3474.svg]
[demo.dashboardmarket.com/hexadash-html/ltr/img/svg/objects.svg]
[demo.dashboardmarket.com/hexadash-html/ltr/img/svg/quote2.svg]
[demo.dashboardmarket.com/hexadash-html/ltr/img/svg/faq-support.svg]
[demo.dashboardmarket.com/hexadash-html/ltr/img/svg/banne-group21.svg]
[demo.dashboardmarket.com/hexadash-html/ltr/img/svg/idea.svg]
[demo.dashboardmarket.com/hexadash-html/ltr/img/svg/chat.svg]
[demo.dashboardmarket.com/hexadash-html/ltr/img/svg/documents.svg]
[demo.dashboardmarket.com/hexadash-html/ltr/img/svg/topSemicolon.svg]
[demo.dashboardmarket.com/hexadash-html/ltr/img/svg/youtube.svg]
[demo.dashboardmarket.com/hexadash-html/ltr/img/svg/book-alt.svg]
[demo.dashboardmarket.com/hexadash-html/ltr/img/svg/clock2.svg]
[demo.dashboardmarket.com/hexadash-html/ltr/img/svg/award.svg]
[demo.dashboardmarket.com/hexadash-html/ltr/img/svg/sync.svg]
[demo.dashboardmarket.com/hexadash-html/ltr/img/svg/maintenance.svg]
[demo.dashboardmarket.com/hexadash-html/ltr/img/svg/404.svg]
[demo.dashboardmarket.com/hexadash-html/ltr/img/logo-dark.svg]
[demo.dashboardmarket.com/hexadash-html/ltr/img/logo-white.svg]
[unicons.iconscout.com/release/v3.0.0/css/line.css]
[demo.dashboardmarket.com/hexadash-html/ltr/forget-password.html]
[demo.dashboardmarket.com/hexadash-html/ltr/img/google-Icon.svg]
[demo.dashboardmarket.com/hexadash-html/ltr/img/svg/minus.svg]
[demo.dashboardmarket.com/hexadash-html/ltr/img/svg/chevron-left.svg]
[demo.dashboardmarket.com/hexadash-html/ltr/img/svg/thumbs-down.svg]
[demo.dashboardmarket.com/hexadash-html/ltr/img/svg/3.svg]
[demo.dashboardmarket.com/hexadash-html/ltr/img/svg/alert-circle.svg]
[demo.dashboardmarket.com/hexadash-html/ltr/img/svg/check-circle.svg]
[demo.dashboardmarket.com/hexadash-html/ltr/img/svg/x-circle.svg]
[demo.dashboardmarket.com/hexadash-html/ltr/img/svg/paper-plane.svg]
[demo.dashboardmarket.com/hexadash-html/ltr/img/svg/surface1.svg]
[demo.dashboardmarket.com/hexadash-html/ltr/img/svg/pen.svg]
[demo.dashboardmarket.com/hexadash-html/ltr/img/svg/notification-basic.svg]
[demo.dashboardmarket.com/hexadash-html/ltr/img/svg/user-basic.svg]
[demo.dashboardmarket.com/hexadash-html/ltr/img/svg/layers-basic.svg]
[demo.dashboardmarket.com/hexadash-html/ltr/img/svg/tag.svg]
[demo.dashboardmarket.com/hexadash-html/ltr/checkout-payment-wizard10.html]
[demo.dashboardmarket.com/hexadash-html/ltr/checkout2.html]
[demo.dashboardmarket.com/hexadash-html/ltr/img/svg/user-success.svg]
[demo.dashboardmarket.com/hexadash-html/ltr/img/svg/checkoutin.svg]
[demo.dashboardmarket.com/hexadash-html/ltr/img/svg/adress-active.svg]
[demo.dashboardmarket.com/hexadash-html/ltr/checkout-payment.html]
[demo.dashboardmarket.com/hexadash-html/ltr/img/svg/green.svg]
[demo.dashboardmarket.com/hexadash-html/ltr/img/svg/address-success.svg]
[demo.dashboardmarket.com/hexadash-html/ltr/img/svg/155-credit-card-active.svg]
[demo.dashboardmarket.com/hexadash-html/ltr/img/ms.png]
[demo.dashboardmarket.com/hexadash-html/ltr/img/visa.png]
[demo.dashboardmarket.com/hexadash-html/ltr/img/american-express.png]
[demo.dashboardmarket.com/hexadash-html/ltr/img/paypal.png]
[demo.dashboardmarket.com/hexadash-html/ltr/checkout-payment-wizard6.html]
[demo.dashboardmarket.com/hexadash-html/ltr/checkout-review-wizard6.html]
[demo.dashboardmarket.com/hexadash-html/ltr/checkout-payment-wizard7.html]
[demo.dashboardmarket.com/hexadash-html/ltr/img/svg/progress3.svg]
[demo.dashboardmarket.com/hexadash-html/ltr/checkout-review-wizard7.html]
[demo.dashboardmarket.com/hexadash-html/ltr/img/svg/progress2.svg]
[demo.dashboardmarket.com/hexadash-html/ltr/checkout-payment-wizard8.html]
[demo.dashboardmarket.com/hexadash-html/ltr/checkout-review-wizard8.html]
[demo.dashboardmarket.com/hexadash-html/ltr/checkout-payment-wizard9.html]
[demo.dashboardmarket.com/hexadash-html/ltr/checkout-review-wizard9.html]
[demo.dashboardmarket.com/hexadash-html/ltr/checkout-payment-wizard10.html]
[demo.dashboardmarket.com/hexadash-html/ltr/checkout-review-wizard10.html]
[demo.dashboardmarket.com/hexadash-html/ltr/checkout-payment.html]
[demo.dashboardmarket.com/hexadash-html/ltr/img/svg/green.svg]
[demo.dashboardmarket.com/hexadash-html/ltr/img/svg/address-success.svg]
[demo.dashboardmarket.com/hexadash-html/ltr/img/svg/155-credit-card-active.svg]
[demo.dashboardmarket.com/hexadash-html/ltr/img/svg/155-credit-card-success.svg]
[demo.dashboardmarket.com/hexadash-html/ltr/checkout-review.html]
[demo.dashboardmarket.com/hexadash-html/ltr/img/svg/024-like-active.svg]
[demo.dashboardmarket.com/hexadash-html/ltr/img/review1.png]
[demo.dashboardmarket.com/hexadash-html/ltr/img/review2.png]
[demo.dashboardmarket.com/hexadash-html/ltr/checkout-review-wizard6.html]
[demo.dashboardmarket.com/hexadash-html/ltr/payment-status-wizard6.html]
[demo.dashboardmarket.com/hexadash-html/ltr/checkout-review-wizard7.html]
[demo.dashboardmarket.com/hexadash-html/ltr/img/svg/progress2.svg]
[demo.dashboardmarket.com/hexadash-html/ltr/payment-status-wizard7.html]
[demo.dashboardmarket.com/hexadash-html/ltr/img/svg/progress4.svg]
[demo.dashboardmarket.com/hexadash-html/ltr/checkout-review-wizard8.html]
[demo.dashboardmarket.com/hexadash-html/ltr/payment-status-wizard8.html]
[demo.dashboardmarket.com/hexadash-html/ltr/checkout-review-wizard9.html]
[demo.dashboardmarket.com/hexadash-html/ltr/payment-status-wizard9.html]
[demo.dashboardmarket.com/hexadash-html/ltr/payment-status-wizard10.html]
[demo.dashboardmarket.com/hexadash-html/ltr/checkout-review-wizard10.html]
[demo.dashboardmarket.com/hexadash-html/ltr/checkout-review.html]
[demo.dashboardmarket.com/hexadash-html/ltr/img/svg/155-credit-card-success.svg]
[demo.dashboardmarket.com/hexadash-html/ltr/img/svg/024-like-active.svg]
[demo.dashboardmarket.com/hexadash-html/ltr/payment-status.html]
[demo.dashboardmarket.com/hexadash-html/ltr/payment-status-wizard6.html]
[demo.dashboardmarket.com/hexadash-html/ltr/payment-status-wizard7.html]
[demo.dashboardmarket.com/hexadash-html/ltr/img/svg/progress4.svg]
[demo.dashboardmarket.com/hexadash-html/ltr/img/svg/024-like-success.svg]
[demo.dashboardmarket.com/hexadash-html/ltr/payment-status-wizard8.html]
[demo.dashboardmarket.com/hexadash-html/ltr/payment-status-wizard9.html]
[demo.dashboardmarket.com/hexadash-html/ltr/payment-status-wizard10.html]
[demo.dashboardmarket.com/hexadash-html/ltr/payment-status.html]
[demo.dashboardmarket.com/hexadash-html/ltr/img/svg/024-like-success.svg]
[demo.dashboardmarket.com/hexadash-html/ltr/img/svg/progress5.svg]
[demo.dashboardmarket.com/hexadash-html/ltr/img/svg/progress5.svg]
